// Jest Snapshot v1, https://goo.gl/fbAQLP

exports[`creates snapshots for each test case 1`] = `
Array [
  Array [
    "test-build",
    Array [
      Object {
        "content": "
    <!DOCTYPE html>
    <html lang=\\"en\\">
    <head>
        <meta charset=\\"utf-8\\">
        <link rel=\\"stylesheet\\" href=\\"/styles.css\\" />
    </head>
    <body><div>This is some text</div></body>
    </html>
    ",
        "id": "sha-/example-basic-components-work.html-sha",
        "isRoot": true,
        "mimetype": "text/html",
        "resourceUrl": "/example-basic-components-work.html",
        "sha": "sha-/example-basic-components-work.html-sha",
      },
    ],
    Object {
      "name": "Example - basic components work",
      "widths": Array [],
    },
  ],
  Array [
    "test-build",
    Array [
      Object {
        "content": "
    <!DOCTYPE html>
    <html lang=\\"en\\">
    <head>
        <meta charset=\\"utf-8\\">
        <link rel=\\"stylesheet\\" href=\\"/styles.css\\" />
    </head>
    <body><div>This is some text</div></body>
    </html>
    ",
        "id": "sha-/example-components-with-custom-dimensions-work.html-sha",
        "isRoot": true,
        "mimetype": "text/html",
        "resourceUrl": "/example-components-with-custom-dimensions-work.html",
        "sha": "sha-/example-components-with-custom-dimensions-work.html-sha",
      },
    ],
    Object {
      "name": "Example - components with custom dimensions work",
      "widths": Array [
        320,
        768,
      ],
    },
  ],
]
`;

exports[`uploads CSS files 1`] = `
Array [
  Array [
    "test-build",
    ".text {
    color: red;
}
",
  ],
]
`;
